[24-Dec-2025 07:52:42 Europe/Berlin] PHP Warning:  mysqli_connect(): (HY000/2002): No connection could be made because the target machine actively refused it.
 in C:\xampp\htdocs\gso-master\database\databaseConnection.php on line 9
[07-Sep-2026 00:45:43 Europe/Berlin] PHP Warning:  mysqli_connect(): php_network_getaddresses: getaddrinfo failed: No such host is known.  in C:\xampp\htdocs\gso-pims\database\databaseConnection.php on line 9
[07-Sep-2026 00:45:43 Europe/Berlin] PHP Warning:  mysqli_connect(): (HY000/2002): php_network_getaddresses: getaddrinfo failed: No such host is known.  in C:\xampp\htdocs\gso-pims\database\databaseConnection.php on line 9
[07-Sep-2026 00:45:46 Europe/Berlin] PHP Warning:  mysqli_connect(): php_network_getaddresses: getaddrinfo failed: No such host is known.  in C:\xampp\htdocs\gso-pims\database\databaseConnection.php on line 9
[07-Sep-2026 00:45:46 Europe/Berlin] PHP Warning:  mysqli_connect(): (HY000/2002): php_network_getaddresses: getaddrinfo failed: No such host is known.  in C:\xampp\htdocs\gso-pims\database\databaseConnection.php on line 9
[07-Sep-2026 00:45:47 Europe/Berlin] PHP Warning:  mysqli_connect(): php_network_getaddresses: getaddrinfo failed: No such host is known.  in C:\xampp\htdocs\gso-pims\database\databaseConnection.php on line 9
[07-Sep-2026 00:45:47 Europe/Berlin] PHP Warning:  mysqli_connect(): (HY000/2002): php_network_getaddresses: getaddrinfo failed: No such host is known.  in C:\xampp\htdocs\gso-pims\database\databaseConnection.php on line 9
[07-Sep-2026 00:47:50 Europe/Berlin] PHP Warning:  mysqli_connect(): php_network_getaddresses: getaddrinfo failed: No such host is known.  in C:\xampp\htdocs\gso-pims\database\databaseConnection.php on line 9
[07-Sep-2026 00:47:50 Europe/Berlin] PHP Warning:  mysqli_connect(): (HY000/2002): php_network_getaddresses: getaddrinfo failed: No such host is known.  in C:\xampp\htdocs\gso-pims\database\databaseConnection.php on line 9
[07-Sep-2026 00:47:51 Europe/Berlin] PHP Warning:  mysqli_connect(): php_network_getaddresses: getaddrinfo failed: No such host is known.  in C:\xampp\htdocs\gso-pims\database\databaseConnection.php on line 9
[07-Sep-2026 00:47:51 Europe/Berlin] PHP Warning:  mysqli_connect(): (HY000/2002): php_network_getaddresses: getaddrinfo failed: No such host is known.  in C:\xampp\htdocs\gso-pims\database\databaseConnection.php on line 9
[07-Sep-2026 00:47:51 Europe/Berlin] PHP Warning:  mysqli_connect(): php_network_getaddresses: getaddrinfo failed: No such host is known.  in C:\xampp\htdocs\gso-pims\database\databaseConnection.php on line 9
[07-Sep-2026 00:47:51 Europe/Berlin] PHP Warning:  mysqli_connect(): (HY000/2002): php_network_getaddresses: getaddrinfo failed: No such host is known.  in C:\xampp\htdocs\gso-pims\database\databaseConnection.php on line 9
[07-Sep-2026 00:47:52 Europe/Berlin] PHP Warning:  mysqli_connect(): php_network_getaddresses: getaddrinfo failed: No such host is known.  in C:\xampp\htdocs\gso-pims\database\databaseConnection.php on line 9
[07-Sep-2026 00:47:52 Europe/Berlin] PHP Warning:  mysqli_connect(): (HY000/2002): php_network_getaddresses: getaddrinfo failed: No such host is known.  in C:\xampp\htdocs\gso-pims\database\databaseConnection.php on line 9
[07-Sep-2026 00:47:53 Europe/Berlin] PHP Warning:  mysqli_connect(): php_network_getaddresses: getaddrinfo failed: No such host is known.  in C:\xampp\htdocs\gso-pims\database\databaseConnection.php on line 9
[07-Sep-2026 00:47:53 Europe/Berlin] PHP Warning:  mysqli_connect(): (HY000/2002): php_network_getaddresses: getaddrinfo failed: No such host is known.  in C:\xampp\htdocs\gso-pims\database\databaseConnection.php on line 9
[07-Sep-2026 00:48:10 Europe/Berlin] PHP Warning:  mysqli_connect(): php_network_getaddresses: getaddrinfo failed: No such host is known.  in C:\xampp\htdocs\gso-pims\database\databaseConnection.php on line 9
[07-Sep-2026 00:48:10 Europe/Berlin] PHP Warning:  mysqli_connect(): (HY000/2002): php_network_getaddresses: getaddrinfo failed: No such host is known.  in C:\xampp\htdocs\gso-pims\database\databaseConnection.php on line 9
[07-Sep-2026 00:48:10 Europe/Berlin] PHP Warning:  mysqli_connect(): php_network_getaddresses: getaddrinfo failed: No such host is known.  in C:\xampp\htdocs\gso-pims\database\databaseConnection.php on line 9
[07-Sep-2026 00:48:10 Europe/Berlin] PHP Warning:  mysqli_connect(): (HY000/2002): php_network_getaddresses: getaddrinfo failed: No such host is known.  in C:\xampp\htdocs\gso-pims\database\databaseConnection.php on line 9
[07-Sep-2026 00:48:11 Europe/Berlin] PHP Warning:  mysqli_connect(): php_network_getaddresses: getaddrinfo failed: No such host is known.  in C:\xampp\htdocs\gso-pims\database\databaseConnection.php on line 9
[07-Sep-2026 00:48:11 Europe/Berlin] PHP Warning:  mysqli_connect(): (HY000/2002): php_network_getaddresses: getaddrinfo failed: No such host is known.  in C:\xampp\htdocs\gso-pims\database\databaseConnection.php on line 9
[07-Sep-2026 00:48:11 Europe/Berlin] PHP Warning:  mysqli_connect(): php_network_getaddresses: getaddrinfo failed: No such host is known.  in C:\xampp\htdocs\gso-pims\database\databaseConnection.php on line 9
[07-Sep-2026 00:48:11 Europe/Berlin] PHP Warning:  mysqli_connect(): (HY000/2002): php_network_getaddresses: getaddrinfo failed: No such host is known.  in C:\xampp\htdocs\gso-pims\database\databaseConnection.php on line 9
[07-Sep-2026 00:48:16 Europe/Berlin] PHP Warning:  mysqli_connect(): php_network_getaddresses: getaddrinfo failed: No such host is known.  in C:\xampp\htdocs\gso-pims\database\databaseConnection.php on line 9
[07-Sep-2026 00:48:16 Europe/Berlin] PHP Warning:  mysqli_connect(): (HY000/2002): php_network_getaddresses: getaddrinfo failed: No such host is known.  in C:\xampp\htdocs\gso-pims\database\databaseConnection.php on line 9
[07-Sep-2026 00:48:17 Europe/Berlin] PHP Warning:  mysqli_connect(): php_network_getaddresses: getaddrinfo failed: No such host is known.  in C:\xampp\htdocs\gso-pims\database\databaseConnection.php on line 9
[07-Sep-2026 00:48:17 Europe/Berlin] PHP Warning:  mysqli_connect(): (HY000/2002): php_network_getaddresses: getaddrinfo failed: No such host is known.  in C:\xampp\htdocs\gso-pims\database\databaseConnection.php on line 9
[07-Sep-2026 00:48:18 Europe/Berlin] PHP Warning:  mysqli_connect(): php_network_getaddresses: getaddrinfo failed: No such host is known.  in C:\xampp\htdocs\gso-pims\database\databaseConnection.php on line 9
[07-Sep-2026 00:48:18 Europe/Berlin] PHP Warning:  mysqli_connect(): (HY000/2002): php_network_getaddresses: getaddrinfo failed: No such host is known.  in C:\xampp\htdocs\gso-pims\database\databaseConnection.php on line 9
[07-Sep-2026 00:48:27 Europe/Berlin] PHP Warning:  mysqli_connect(): php_network_getaddresses: getaddrinfo failed: No such host is known.  in C:\xampp\htdocs\gso-pims\database\databaseConnection.php on line 9
[07-Sep-2026 00:48:27 Europe/Berlin] PHP Warning:  mysqli_connect(): (HY000/2002): php_network_getaddresses: getaddrinfo failed: No such host is known.  in C:\xampp\htdocs\gso-pims\database\databaseConnection.php on line 9
[07-Sep-2026 00:48:45 Europe/Berlin] PHP Warning:  mysqli_connect(): php_network_getaddresses: getaddrinfo failed: No such host is known.  in C:\xampp\htdocs\gso-pims\database\databaseConnection.php on line 9
[07-Sep-2026 00:48:45 Europe/Berlin] PHP Warning:  mysqli_connect(): (HY000/2002): php_network_getaddresses: getaddrinfo failed: No such host is known.  in C:\xampp\htdocs\gso-pims\database\databaseConnection.php on line 9
[07-Sep-2026 00:48:56 Europe/Berlin] PHP Warning:  mysqli_connect(): php_network_getaddresses: getaddrinfo failed: No such host is known.  in C:\xampp\htdocs\gso-pims\database\databaseConnection.php on line 9
[07-Sep-2026 00:48:56 Europe/Berlin] PHP Warning:  mysqli_connect(): (HY000/2002): php_network_getaddresses: getaddrinfo failed: No such host is known.  in C:\xampp\htdocs\gso-pims\database\databaseConnection.php on line 9
[07-Sep-2026 00:49:27 Europe/Berlin] PHP Warning:  mysqli_connect(): php_network_getaddresses: getaddrinfo failed: No such host is known.  in C:\xampp\htdocs\gso-pims\database\databaseConnection.php on line 9
[07-Sep-2026 00:49:27 Europe/Berlin] PHP Warning:  mysqli_connect(): (HY000/2002): php_network_getaddresses: getaddrinfo failed: No such host is known.  in C:\xampp\htdocs\gso-pims\database\databaseConnection.php on line 9
[07-Sep-2026 00:49:28 Europe/Berlin] PHP Warning:  mysqli_connect(): php_network_getaddresses: getaddrinfo failed: No such host is known.  in C:\xampp\htdocs\gso-pims\database\databaseConnection.php on line 9
[07-Sep-2026 00:49:28 Europe/Berlin] PHP Warning:  mysqli_connect(): (HY000/2002): php_network_getaddresses: getaddrinfo failed: No such host is known.  in C:\xampp\htdocs\gso-pims\database\databaseConnection.php on line 9
[07-Sep-2026 00:49:28 Europe/Berlin] PHP Warning:  mysqli_connect(): php_network_getaddresses: getaddrinfo failed: No such host is known.  in C:\xampp\htdocs\gso-pims\database\databaseConnection.php on line 9
[07-Sep-2026 00:49:28 Europe/Berlin] PHP Warning:  mysqli_connect(): (HY000/2002): php_network_getaddresses: getaddrinfo failed: No such host is known.  in C:\xampp\htdocs\gso-pims\database\databaseConnection.php on line 9
[07-Sep-2026 00:49:28 Europe/Berlin] PHP Warning:  mysqli_connect(): php_network_getaddresses: getaddrinfo failed: No such host is known.  in C:\xampp\htdocs\gso-pims\database\databaseConnection.php on line 9
[07-Sep-2026 00:49:28 Europe/Berlin] PHP Warning:  mysqli_connect(): (HY000/2002): php_network_getaddresses: getaddrinfo failed: No such host is known.  in C:\xampp\htdocs\gso-pims\database\databaseConnection.php on line 9
[07-Sep-2026 00:49:30 Europe/Berlin] PHP Warning:  mysqli_connect(): php_network_getaddresses: getaddrinfo failed: No such host is known.  in C:\xampp\htdocs\gso-pims\database\databaseConnection.php on line 9
[07-Sep-2026 00:49:30 Europe/Berlin] PHP Warning:  mysqli_connect(): (HY000/2002): php_network_getaddresses: getaddrinfo failed: No such host is known.  in C:\xampp\htdocs\gso-pims\database\databaseConnection.php on line 9
[07-Sep-2026 00:49:30 Europe/Berlin] PHP Warning:  mysqli_connect(): php_network_getaddresses: getaddrinfo failed: No such host is known.  in C:\xampp\htdocs\gso-pims\database\databaseConnection.php on line 9
[07-Sep-2026 00:49:30 Europe/Berlin] PHP Warning:  mysqli_connect(): (HY000/2002): php_network_getaddresses: getaddrinfo failed: No such host is known.  in C:\xampp\htdocs\gso-pims\database\databaseConnection.php on line 9
[07-Sep-2026 00:49:31 Europe/Berlin] PHP Warning:  mysqli_connect(): php_network_getaddresses: getaddrinfo failed: No such host is known.  in C:\xampp\htdocs\gso-pims\database\databaseConnection.php on line 9
[07-Sep-2026 00:49:31 Europe/Berlin] PHP Warning:  mysqli_connect(): (HY000/2002): php_network_getaddresses: getaddrinfo failed: No such host is known.  in C:\xampp\htdocs\gso-pims\database\databaseConnection.php on line 9
[07-Sep-2026 00:49:31 Europe/Berlin] PHP Warning:  mysqli_connect(): php_network_getaddresses: getaddrinfo failed: No such host is known.  in C:\xampp\htdocs\gso-pims\database\databaseConnection.php on line 9
[07-Sep-2026 00:49:31 Europe/Berlin] PHP Warning:  mysqli_connect(): (HY000/2002): php_network_getaddresses: getaddrinfo failed: No such host is known.  in C:\xampp\htdocs\gso-pims\database\databaseConnection.php on line 9
[07-Sep-2026 00:49:31 Europe/Berlin] PHP Warning:  mysqli_connect(): php_network_getaddresses: getaddrinfo failed: No such host is known.  in C:\xampp\htdocs\gso-pims\database\databaseConnection.php on line 9
[07-Sep-2026 00:49:31 Europe/Berlin] PHP Warning:  mysqli_connect(): (HY000/2002): php_network_getaddresses: getaddrinfo failed: No such host is known.  in C:\xampp\htdocs\gso-pims\database\databaseConnection.php on line 9
[07-Sep-2026 00:49:32 Europe/Berlin] PHP Warning:  mysqli_connect(): php_network_getaddresses: getaddrinfo failed: No such host is known.  in C:\xampp\htdocs\gso-pims\database\databaseConnection.php on line 9
[07-Sep-2026 00:49:32 Europe/Berlin] PHP Warning:  mysqli_connect(): (HY000/2002): php_network_getaddresses: getaddrinfo failed: No such host is known.  in C:\xampp\htdocs\gso-pims\database\databaseConnection.php on line 9
[07-Sep-2026 00:49:32 Europe/Berlin] PHP Warning:  mysqli_connect(): php_network_getaddresses: getaddrinfo failed: No such host is known.  in C:\xampp\htdocs\gso-pims\database\databaseConnection.php on line 9
[07-Sep-2026 00:49:32 Europe/Berlin] PHP Warning:  mysqli_connect(): (HY000/2002): php_network_getaddresses: getaddrinfo failed: No such host is known.  in C:\xampp\htdocs\gso-pims\database\databaseConnection.php on line 9
[07-Sep-2026 00:49:32 Europe/Berlin] PHP Warning:  mysqli_connect(): php_network_getaddresses: getaddrinfo failed: No such host is known.  in C:\xampp\htdocs\gso-pims\database\databaseConnection.php on line 9
[07-Sep-2026 00:49:32 Europe/Berlin] PHP Warning:  mysqli_connect(): (HY000/2002): php_network_getaddresses: getaddrinfo failed: No such host is known.  in C:\xampp\htdocs\gso-pims\database\databaseConnection.php on line 9
[07-Sep-2026 00:49:33 Europe/Berlin] PHP Warning:  mysqli_connect(): php_network_getaddresses: getaddrinfo failed: No such host is known.  in C:\xampp\htdocs\gso-pims\database\databaseConnection.php on line 9
[07-Sep-2026 00:49:33 Europe/Berlin] PHP Warning:  mysqli_connect(): (HY000/2002): php_network_getaddresses: getaddrinfo failed: No such host is known.  in C:\xampp\htdocs\gso-pims\database\databaseConnection.php on line 9
[07-Sep-2026 00:49:34 Europe/Berlin] PHP Warning:  mysqli_connect(): php_network_getaddresses: getaddrinfo failed: No such host is known.  in C:\xampp\htdocs\gso-pims\database\databaseConnection.php on line 9
[07-Sep-2026 00:49:34 Europe/Berlin] PHP Warning:  mysqli_connect(): (HY000/2002): php_network_getaddresses: getaddrinfo failed: No such host is known.  in C:\xampp\htdocs\gso-pims\database\databaseConnection.php on line 9
[07-Sep-2026 00:49:34 Europe/Berlin] PHP Warning:  mysqli_connect(): php_network_getaddresses: getaddrinfo failed: No such host is known.  in C:\xampp\htdocs\gso-pims\database\databaseConnection.php on line 9
[07-Sep-2026 00:49:34 Europe/Berlin] PHP Warning:  mysqli_connect(): (HY000/2002): php_network_getaddresses: getaddrinfo failed: No such host is known.  in C:\xampp\htdocs\gso-pims\database\databaseConnection.php on line 9
[07-Sep-2026 00:51:40 Europe/Berlin] PHP Warning:  mysqli_connect(): php_network_getaddresses: getaddrinfo failed: No such host is known.  in C:\xampp\htdocs\gso-pims\database\databaseConnection.php on line 9
[07-Sep-2026 00:51:40 Europe/Berlin] PHP Warning:  mysqli_connect(): (HY000/2002): php_network_getaddresses: getaddrinfo failed: No such host is known.  in C:\xampp\htdocs\gso-pims\database\databaseConnection.php on line 9
[07-Sep-2026 00:51:41 Europe/Berlin] PHP Warning:  mysqli_connect(): php_network_getaddresses: getaddrinfo failed: No such host is known.  in C:\xampp\htdocs\gso-pims\database\databaseConnection.php on line 9
[07-Sep-2026 00:51:41 Europe/Berlin] PHP Warning:  mysqli_connect(): (HY000/2002): php_network_getaddresses: getaddrinfo failed: No such host is known.  in C:\xampp\htdocs\gso-pims\database\databaseConnection.php on line 9
[07-Sep-2026 00:51:41 Europe/Berlin] PHP Warning:  mysqli_connect(): php_network_getaddresses: getaddrinfo failed: No such host is known.  in C:\xampp\htdocs\gso-pims\database\databaseConnection.php on line 9
[07-Sep-2026 00:51:41 Europe/Berlin] PHP Warning:  mysqli_connect(): (HY000/2002): php_network_getaddresses: getaddrinfo failed: No such host is known.  in C:\xampp\htdocs\gso-pims\database\databaseConnection.php on line 9
[07-Sep-2026 00:51:42 Europe/Berlin] PHP Warning:  mysqli_connect(): php_network_getaddresses: getaddrinfo failed: No such host is known.  in C:\xampp\htdocs\gso-pims\database\databaseConnection.php on line 9
[07-Sep-2026 00:51:42 Europe/Berlin] PHP Warning:  mysqli_connect(): (HY000/2002): php_network_getaddresses: getaddrinfo failed: No such host is known.  in C:\xampp\htdocs\gso-pims\database\databaseConnection.php on line 9
[07-Sep-2026 00:51:42 Europe/Berlin] PHP Warning:  mysqli_connect(): php_network_getaddresses: getaddrinfo failed: No such host is known.  in C:\xampp\htdocs\gso-pims\database\databaseConnection.php on line 9
[07-Sep-2026 00:51:42 Europe/Berlin] PHP Warning:  mysqli_connect(): (HY000/2002): php_network_getaddresses: getaddrinfo failed: No such host is known.  in C:\xampp\htdocs\gso-pims\database\databaseConnection.php on line 9
[07-Sep-2026 00:51:43 Europe/Berlin] PHP Warning:  mysqli_connect(): php_network_getaddresses: getaddrinfo failed: No such host is known.  in C:\xampp\htdocs\gso-pims\database\databaseConnection.php on line 9
[07-Sep-2026 00:51:43 Europe/Berlin] PHP Warning:  mysqli_connect(): (HY000/2002): php_network_getaddresses: getaddrinfo failed: No such host is known.  in C:\xampp\htdocs\gso-pims\database\databaseConnection.php on line 9
[07-Sep-2026 00:51:47 Europe/Berlin] PHP Warning:  mysqli_connect(): php_network_getaddresses: getaddrinfo failed: No such host is known.  in C:\xampp\htdocs\gso-pims\database\databaseConnection.php on line 9
[07-Sep-2026 00:51:47 Europe/Berlin] PHP Warning:  mysqli_connect(): (HY000/2002): php_network_getaddresses: getaddrinfo failed: No such host is known.  in C:\xampp\htdocs\gso-pims\database\databaseConnection.php on line 9
[07-Sep-2026 00:51:48 Europe/Berlin] PHP Warning:  mysqli_connect(): php_network_getaddresses: getaddrinfo failed: No such host is known.  in C:\xampp\htdocs\gso-pims\database\databaseConnection.php on line 9
[07-Sep-2026 00:51:48 Europe/Berlin] PHP Warning:  mysqli_connect(): (HY000/2002): php_network_getaddresses: getaddrinfo failed: No such host is known.  in C:\xampp\htdocs\gso-pims\database\databaseConnection.php on line 9
[07-Sep-2026 00:51:48 Europe/Berlin] PHP Warning:  mysqli_connect(): php_network_getaddresses: getaddrinfo failed: No such host is known.  in C:\xampp\htdocs\gso-pims\database\databaseConnection.php on line 9
[07-Sep-2026 00:51:48 Europe/Berlin] PHP Warning:  mysqli_connect(): (HY000/2002): php_network_getaddresses: getaddrinfo failed: No such host is known.  in C:\xampp\htdocs\gso-pims\database\databaseConnection.php on line 9
[07-Sep-2026 00:51:49 Europe/Berlin] PHP Warning:  mysqli_connect(): php_network_getaddresses: getaddrinfo failed: No such host is known.  in C:\xampp\htdocs\gso-pims\database\databaseConnection.php on line 9
[07-Sep-2026 00:51:49 Europe/Berlin] PHP Warning:  mysqli_connect(): (HY000/2002): php_network_getaddresses: getaddrinfo failed: No such host is known.  in C:\xampp\htdocs\gso-pims\database\databaseConnection.php on line 9
[07-Sep-2026 00:51:49 Europe/Berlin] PHP Warning:  mysqli_connect(): php_network_getaddresses: getaddrinfo failed: No such host is known.  in C:\xampp\htdocs\gso-pims\database\databaseConnection.php on line 9
[07-Sep-2026 00:51:49 Europe/Berlin] PHP Warning:  mysqli_connect(): (HY000/2002): php_network_getaddresses: getaddrinfo failed: No such host is known.  in C:\xampp\htdocs\gso-pims\database\databaseConnection.php on line 9
[07-Sep-2026 00:51:49 Europe/Berlin] PHP Warning:  mysqli_connect(): php_network_getaddresses: getaddrinfo failed: No such host is known.  in C:\xampp\htdocs\gso-pims\database\databaseConnection.php on line 9
[07-Sep-2026 00:51:49 Europe/Berlin] PHP Warning:  mysqli_connect(): (HY000/2002): php_network_getaddresses: getaddrinfo failed: No such host is known.  in C:\xampp\htdocs\gso-pims\database\databaseConnection.php on line 9
[07-Sep-2026 00:51:49 Europe/Berlin] PHP Warning:  mysqli_connect(): php_network_getaddresses: getaddrinfo failed: No such host is known.  in C:\xampp\htdocs\gso-pims\database\databaseConnection.php on line 9
[07-Sep-2026 00:51:49 Europe/Berlin] PHP Warning:  mysqli_connect(): (HY000/2002): php_network_getaddresses: getaddrinfo failed: No such host is known.  in C:\xampp\htdocs\gso-pims\database\databaseConnection.php on line 9
[07-Sep-2026 00:51:50 Europe/Berlin] PHP Warning:  mysqli_connect(): php_network_getaddresses: getaddrinfo failed: No such host is known.  in C:\xampp\htdocs\gso-pims\database\databaseConnection.php on line 9
[07-Sep-2026 00:51:50 Europe/Berlin] PHP Warning:  mysqli_connect(): (HY000/2002): php_network_getaddresses: getaddrinfo failed: No such host is known.  in C:\xampp\htdocs\gso-pims\database\databaseConnection.php on line 9
[07-Sep-2026 09:00:35 Europe/Berlin] PHP Warning:  Packets out of order. Expected 0 received 1. Packet size=71 in C:\xampp\htdocs\gso-pims\database\databaseConnection.php on line 9
[07-Sep-2026 09:00:35 Europe/Berlin] PHP Warning:  mysqli_connect(): MySQL server has gone away in C:\xampp\htdocs\gso-pims\database\databaseConnection.php on line 9
[07-Sep-2026 09:00:35 Europe/Berlin] PHP Warning:  mysqli_connect(): Error while reading greeting packet. PID=15924 in C:\xampp\htdocs\gso-pims\database\databaseConnection.php on line 9
[07-Sep-2026 09:00:35 Europe/Berlin] PHP Warning:  mysqli_connect(): (HY000/2006): MySQL server has gone away in C:\xampp\htdocs\gso-pims\database\databaseConnection.php on line 9
